/home/runner/work/selenium-cucumber-java/selenium-cucumber-java/src/test/java/org/justtestit/buggy/constant/Constants.java
/home/runner/work/selenium-cucumber-java/selenium-cucumber-java/src/test/java/org/justtestit/buggy/steps/PageInitializer.java
/home/runner/work/selenium-cucumber-java/selenium-cucumber-java/src/test/java/org/justtestit/buggy/runner/TestNgRunner.java
/home/runner/work/selenium-cucumber-java/selenium-cucumber-java/src/test/java/org/justtestit/buggy/steps/Hooks.java
/home/runner/work/selenium-cucumber-java/selenium-cucumber-java/src/test/java/org/justtestit/buggy/runner/JUnitRunner.java
/home/runner/work/selenium-cucumber-java/selenium-cucumber-java/src/test/java/org/justtestit/buggy/pages/DashboardPage.java
/home/runner/work/selenium-cucumber-java/selenium-cucumber-java/src/test/java/org/justtestit/buggy/pages/ProfilePage.java
/home/runner/work/selenium-cucumber-java/selenium-cucumber-java/src/test/java/org/justtestit/buggy/pages/RegisterPage.java
/home/runner/work/selenium-cucumber-java/selenium-cucumber-java/src/test/java/org/justtestit/buggy/pages/HomePage.java
/home/runner/work/selenium-cucumber-java/selenium-cucumber-java/src/test/java/org/justtestit/buggy/steps/LoginSteps.java
/home/runner/work/selenium-cucumber-java/selenium-cucumber-java/src/test/java/org/justtestit/buggy/steps/DependencyContainer.java
/home/runner/work/selenium-cucumber-java/selenium-cucumber-java/src/test/java/org/justtestit/buggy/steps/RegisterSteps.java
/home/runner/work/selenium-cucumber-java/selenium-cucumber-java/src/test/java/org/justtestit/buggy/runner/TestNgParallelRunner.java
